src/components/HospitalInformationSystem.tsx(558,5): error TS1136: Property assignment expected.
src/components/HospitalInformationSystem.tsx(559,5): error TS1136: Property assignment expected.
src/components/HospitalInformationSystem.tsx(634,5): error TS1136: Property assignment expected.
src/components/HospitalInformationSystem.tsx(665,5): error TS1136: Property assignment expected.
src/components/HospitalInformationSystem.tsx(666,5): error TS1136: Property assignment expected.
src/components/HospitalInformationSystem.tsx(672,5): error TS1136: Property assignment expected.
src/components/HospitalInformationSystem.tsx(673,7): error TS1136: Property assignment expected.
src/components/HospitalInformationSystem.tsx(683,5): error TS1136: Property assignment expected.
src/components/HospitalInformationSystem.tsx(694,5): error TS1136: Property assignment expected.
src/components/HospitalInformationSystem.tsx(715,5): error TS1136: Property assignment expected.
src/components/HospitalInformationSystem.tsx(730,5): error TS1136: Property assignment expected.
src/components/HospitalInformationSystem.tsx(731,5): error TS1136: Property assignment expected.
src/components/HospitalInformationSystem.tsx(732,5): error TS1136: Property assignment expected.
src/components/HospitalInformationSystem.tsx(747,5): error TS1136: Property assignment expected.
src/components/HospitalInformationSystem.tsx(748,7): error TS1136: Property assignment expected.
src/components/HospitalInformationSystem.tsx(1195,11): error TS1136: Property assignment expected.
src/components/HospitalInformationSystem.tsx(1256,5): error TS1136: Property assignment expected.
src/components/HospitalInformationSystem.tsx(1261,5): error TS1136: Property assignment expected.
src/components/HospitalInformationSystem.tsx(1266,5): error TS1136: Property assignment expected.
src/components/HospitalInformationSystem.tsx(1286,5): error TS1136: Property assignment expected.
src/components/HospitalInformationSystem.tsx(1361,5): error TS1136: Property assignment expected.
src/components/HospitalInformationSystem.tsx(1370,5): error TS1136: Property assignment expected.
src/components/HospitalInformationSystem.tsx(1402,5): error TS1136: Property assignment expected.
src/components/HospitalInformationSystem.tsx(1463,5): error TS1136: Property assignment expected.
src/components/HospitalInformationSystem.tsx(1501,5): error TS1136: Property assignment expected.
src/components/HospitalInformationSystem.tsx(1502,5): error TS1136: Property assignment expected.
src/components/HospitalInformationSystem.tsx(1524,5): error TS1136: Property assignment expected.
src/components/HospitalInformationSystem.tsx(1525,5): error TS1136: Property assignment expected.
src/components/HospitalInformationSystem.tsx(1530,5): error TS1136: Property assignment expected.
src/components/HospitalInformationSystem.tsx(1659,5): error TS1136: Property assignment expected.
src/components/HospitalInformationSystem.tsx(1676,5): error TS1136: Property assignment expected.
src/components/HospitalInformationSystem.tsx(1734,5): error TS1136: Property assignment expected.
src/components/HospitalInformationSystem.tsx(1952,9): error TS1005: ':' expected.
src/components/HospitalInformationSystem.tsx(2020,5): error TS1003: Identifier expected.
src/components/HospitalInformationSystem.tsx(2021,7): error TS1005: ',' expected.
src/components/HospitalInformationSystem.tsx(2022,7): error TS1005: ',' expected.
src/components/HospitalInformationSystem.tsx(2022,19): error TS1005: ',' expected.
src/components/HospitalInformationSystem.tsx(2025,5): error TS1136: Property assignment expected.
src/components/HospitalInformationSystem.tsx(2026,9): error TS1180: Property destructuring pattern expected.
src/components/HospitalInformationSystem.tsx(2027,11): error TS1005: ',' expected.
src/components/HospitalInformationSystem.tsx(2028,11): error TS1005: ',' expected.
src/components/HospitalInformationSystem.tsx(2028,20): error TS1136: Property assignment expected.
src/components/HospitalInformationSystem.tsx(2028,23): error TS1005: ',' expected.
src/components/HospitalInformationSystem.tsx(2029,9): error TS1161: Unterminated regular expression literal.
src/components/HospitalInformationSystem.tsx(2030,7): error TS1128: Declaration or statement expected.
src/components/HospitalInformationSystem.tsx(2030,8): error TS1128: Declaration or statement expected.
src/components/HospitalInformationSystem.tsx(2058,5): error TS1005: '}' expected.
src/components/HospitalInformationSystem.tsx(2061,13): error TS1109: Expression expected.
src/components/HospitalInformationSystem.tsx(2065,45): error TS1382: Unexpected token. Did you mean `{'>'}` or `&gt;`?
src/components/HospitalInformationSystem.tsx(2089,21): error TS1109: Expression expected.
src/components/HospitalInformationSystem.tsx(2095,19): error TS1005: '}' expected.
src/components/HospitalInformationSystem.tsx(2095,20): error TS1381: Unexpected token. Did you mean `{'}'}` or `&rbrace;`?
src/components/HospitalInformationSystem.tsx(2100,19): error TS1136: Property assignment expected.
src/components/HospitalInformationSystem.tsx(2100,24): error TS1005: '}' expected.
src/components/HospitalInformationSystem.tsx(2100,109): error TS1382: Unexpected token. Did you mean `{'>'}` or `&gt;`?
src/components/HospitalInformationSystem.tsx(2102,23): error TS1109: Expression expected.
src/components/HospitalInformationSystem.tsx(2113,25): error TS1109: Expression expected.
src/components/HospitalInformationSystem.tsx(2115,21): error TS1381: Unexpected token. Did you mean `{'}'}` or `&rbrace;`?
src/components/HospitalInformationSystem.tsx(2115,23): error TS1381: Unexpected token. Did you mean `{'}'}` or `&rbrace;`?
src/components/HospitalInformationSystem.tsx(2117,18): error TS1381: Unexpected token. Did you mean `{'}'}` or `&rbrace;`?
src/components/HospitalInformationSystem.tsx(2119,13): error TS1005: '}' expected.
src/components/HospitalInformationSystem.tsx(2120,11): error TS1381: Unexpected token. Did you mean `{'}'}` or `&rbrace;`?
src/components/HospitalInformationSystem.tsx(2120,13): error TS1381: Unexpected token. Did you mean `{'}'}` or `&rbrace;`?
src/components/HospitalInformationSystem.tsx(2131,7): error TS1128: Declaration or statement expected.
src/components/HospitalInformationSystem.tsx(2134,7): error TS1136: Property assignment expected.
src/components/HospitalInformationSystem.tsx(2134,12): error TS1005: ';' expected.
src/components/HospitalInformationSystem.tsx(2136,9): error TS1136: Property assignment expected.
src/components/HospitalInformationSystem.tsx(2136,14): error TS1005: ';' expected.
src/components/HospitalInformationSystem.tsx(2138,11): error TS1136: Property assignment expected.
src/components/HospitalInformationSystem.tsx(2138,16): error TS1005: ';' expected.
src/components/HospitalInformationSystem.tsx(2139,13): error TS2657: JSX expressions must have one parent element.
src/components/HospitalInformationSystem.tsx(2216,17): error TS1109: Expression expected.
src/components/HospitalInformationSystem.tsx(2218,19): error TS1109: Expression expected.
src/components/HospitalInformationSystem.tsx(2246,25): error TS1109: Expression expected.
src/components/HospitalInformationSystem.tsx(2250,27): error TS1109: Expression expected.
src/components/HospitalInformationSystem.tsx(2258,23): error TS1109: Expression expected.
src/components/HospitalInformationSystem.tsx(2267,17): error TS1109: Expression expected.
src/components/HospitalInformationSystem.tsx(2270,23): error TS1109: Expression expected.
src/components/HospitalInformationSystem.tsx(2273,18): error TS1381: Unexpected token. Did you mean `{'}'}` or `&rbrace;`?
src/components/HospitalInformationSystem.tsx(2275,13): error TS1128: Declaration or statement expected.
src/components/HospitalInformationSystem.tsx(2276,11): error TS1128: Declaration or statement expected.
src/components/HospitalInformationSystem.tsx(2279,11): error TS1136: Property assignment expected.
src/components/HospitalInformationSystem.tsx(2279,16): error TS1005: ';' expected.
src/components/HospitalInformationSystem.tsx(2281,13): error TS1136: Property assignment expected.
src/components/HospitalInformationSystem.tsx(2281,19): error TS1005: ';' expected.
src/components/HospitalInformationSystem.tsx(2281,46): error TS1005: ';' expected.
src/components/HospitalInformationSystem.tsx(2282,15): error TS2657: JSX expressions must have one parent element.
src/components/HospitalInformationSystem.tsx(2295,13): error TS1128: Declaration or statement expected.
src/components/HospitalInformationSystem.tsx(2299,15): error TS2657: JSX expressions must have one parent element.
src/components/HospitalInformationSystem.tsx(2305,15): error TS1109: Expression expected.
src/components/HospitalInformationSystem.tsx(2313,15): error TS1109: Expression expected.
src/components/HospitalInformationSystem.tsx(2315,5): error TS1005: '}' expected.
src/components/HospitalInformationSystem.tsx(2316,15): error TS2657: JSX expressions must have one parent element.
src/components/HospitalInformationSystem.tsx(2322,15): error TS1109: Expression expected.
src/components/HospitalInformationSystem.tsx(2336,21): error TS1109: Expression expected.
src/components/HospitalInformationSystem.tsx(2337,19): error TS1005: '}' expected.
src/components/HospitalInformationSystem.tsx(2337,20): error TS1381: Unexpected token. Did you mean `{'}'}` or `&rbrace;`?
src/components/HospitalInformationSystem.tsx(2344,27): error TS1109: Expression expected.
src/components/HospitalInformationSystem.tsx(2353,25): error TS1109: Expression expected.
src/components/HospitalInformationSystem.tsx(2354,23): error TS1005: '}' expected.
src/components/HospitalInformationSystem.tsx(2354,24): error TS1381: Unexpected token. Did you mean `{'}'}` or `&rbrace;`?
src/components/HospitalInformationSystem.tsx(2360,29): error TS1109: Expression expected.
src/components/HospitalInformationSystem.tsx(2363,23): error TS1005: '}' expected.
src/components/HospitalInformationSystem.tsx(2364,51): error TS1382: Unexpected token. Did you mean `{'>'}` or `&gt;`?
src/components/HospitalInformationSystem.tsx(2376,31): error TS1109: Expression expected.
src/components/HospitalInformationSystem.tsx(2383,29): error TS1109: Expression expected.
src/components/HospitalInformationSystem.tsx(2389,33): error TS1136: Property assignment expected.
src/components/HospitalInformationSystem.tsx(2389,34): error TS1381: Unexpected token. Did you mean `{'}'}` or `&rbrace;`?
src/components/HospitalInformationSystem.tsx(2400,31): error TS1109: Expression expected.
src/components/HospitalInformationSystem.tsx(2404,24): error TS1381: Unexpected token. Did you mean `{'}'}` or `&rbrace;`?
src/components/HospitalInformationSystem.tsx(2407,17): error TS1005: '}' expected.
src/components/HospitalInformationSystem.tsx(2407,18): error TS1381: Unexpected token. Did you mean `{'}'}` or `&rbrace;`?
src/components/HospitalInformationSystem.tsx(2410,5): error TS1005: '}' expected.
src/components/HospitalInformationSystem.tsx(2412,17): error TS1136: Property assignment expected.
src/components/HospitalInformationSystem.tsx(2412,22): error TS1005: '}' expected.
src/components/HospitalInformationSystem.tsx(2412,138): error TS1382: Unexpected token. Did you mean `{'>'}` or `&gt;`?
src/components/HospitalInformationSystem.tsx(2433,27): error TS1109: Expression expected.
src/components/HospitalInformationSystem.tsx(2439,27): error TS1109: Expression expected.
src/components/HospitalInformationSystem.tsx(2450,31): error TS1109: Expression expected.
src/components/HospitalInformationSystem.tsx(2472,35): error TS1109: Expression expected.
src/components/HospitalInformationSystem.tsx(2475,35): error TS1109: Expression expected.
src/components/HospitalInformationSystem.tsx(2479,27): error TS1109: Expression expected.
src/components/HospitalInformationSystem.tsx(2479,28): error TS1381: Unexpected token. Did you mean `{'}'}` or `&rbrace;`?
src/components/HospitalInformationSystem.tsx(2481,23): error TS1005: '}' expected.
src/components/HospitalInformationSystem.tsx(2481,24): error TS1381: Unexpected token. Did you mean `{'}'}` or `&rbrace;`?
src/components/HospitalInformationSystem.tsx(2511,25): error TS1109: Expression expected.
src/components/HospitalInformationSystem.tsx(2524,23): error TS1109: Expression expected.
src/components/HospitalInformationSystem.tsx(2528,15): error TS1128: Declaration or statement expected.
src/components/HospitalInformationSystem.tsx(2545,31): error TS1109: Expression expected.
src/components/HospitalInformationSystem.tsx(2550,31): error TS1109: Expression expected.
src/components/HospitalInformationSystem.tsx(2569,25): error TS1136: Property assignment expected.
src/components/HospitalInformationSystem.tsx(2569,30): error TS1005: '}' expected.
src/components/HospitalInformationSystem.tsx(2569,51): error TS1382: Unexpected token. Did you mean `{'>'}` or `&gt;`?
src/components/HospitalInformationSystem.tsx(2572,31): error TS1109: Expression expected.
src/components/HospitalInformationSystem.tsx(2586,33): error TS1109: Expression expected.
src/components/HospitalInformationSystem.tsx(2590,31): error TS1109: Expression expected.
src/components/HospitalInformationSystem.tsx(2598,37): error TS1109: Expression expected.
src/components/HospitalInformationSystem.tsx(2609,33): error TS1109: Expression expected.
src/components/HospitalInformationSystem.tsx(2618,31): error TS1136: Property assignment expected.
src/components/HospitalInformationSystem.tsx(2622,35): error TS1109: Expression expected.
src/components/HospitalInformationSystem.tsx(2630,33): error TS1109: Expression expected.
src/components/HospitalInformationSystem.tsx(2636,27): error TS1109: Expression expected.
src/components/HospitalInformationSystem.tsx(2638,24): error TS1381: Unexpected token. Did you mean `{'}'}` or `&rbrace;`?
src/components/HospitalInformationSystem.tsx(2731,33): error TS1109: Expression expected.
src/components/HospitalInformationSystem.tsx(2741,35): error TS1109: Expression expected.
src/components/HospitalInformationSystem.tsx(2746,35): error TS1109: Expression expected.
src/components/HospitalInformationSystem.tsx(2751,35): error TS1109: Expression expected.
src/components/HospitalInformationSystem.tsx(2756,35): error TS1109: Expression expected.
src/components/HospitalInformationSystem.tsx(2765,29): error TS1109: Expression expected.
src/components/HospitalInformationSystem.tsx(2781,33): error TS1109: Expression expected.
src/components/HospitalInformationSystem.tsx(2791,31): error TS1109: Expression expected.
src/components/HospitalInformationSystem.tsx(2794,31): error TS1109: Expression expected.
src/components/HospitalInformationSystem.tsx(2797,31): error TS1109: Expression expected.
src/components/HospitalInformationSystem.tsx(2800,31): error TS1109: Expression expected.
src/components/HospitalInformationSystem.tsx(2803,31): error TS1109: Expression expected.
src/components/HospitalInformationSystem.tsx(2810,33): error TS1109: Expression expected.
src/components/HospitalInformationSystem.tsx(2818,33): error TS1109: Expression expected.
src/components/HospitalInformationSystem.tsx(2826,35): error TS1109: Expression expected.
src/components/HospitalInformationSystem.tsx(2830,37): error TS1109: Expression expected.
src/components/HospitalInformationSystem.tsx(2841,31): error TS1109: Expression expected.
src/components/HospitalInformationSystem.tsx(2856,31): error TS1109: Expression expected.
src/components/HospitalInformationSystem.tsx(2868,31): error TS1109: Expression expected.
src/components/HospitalInformationSystem.tsx(2873,21): error TS1005: '}' expected.
src/components/HospitalInformationSystem.tsx(2875,17): error TS1128: Declaration or statement expected.
src/components/HospitalInformationSystem.tsx(2876,15): error TS1109: Expression expected.
src/components/HospitalInformationSystem.tsx(2890,21): error TS1109: Expression expected.
src/components/HospitalInformationSystem.tsx(2891,19): error TS1005: '}' expected.
src/components/HospitalInformationSystem.tsx(2891,20): error TS1381: Unexpected token. Did you mean `{'}'}` or `&rbrace;`?
src/components/HospitalInformationSystem.tsx(2898,23): error TS1109: Expression expected.
src/components/HospitalInformationSystem.tsx(2905,25): error TS1109: Expression expected.
src/components/HospitalInformationSystem.tsx(2906,23): error TS1005: '}' expected.
src/components/HospitalInformationSystem.tsx(2906,24): error TS1381: Unexpected token. Did you mean `{'}'}` or `&rbrace;`?
src/components/HospitalInformationSystem.tsx(2912,29): error TS1109: Expression expected.
src/components/HospitalInformationSystem.tsx(2915,23): error TS1005: '}' expected.
src/components/HospitalInformationSystem.tsx(2916,48): error TS1382: Unexpected token. Did you mean `{'>'}` or `&gt;`?
src/components/HospitalInformationSystem.tsx(2925,31): error TS1109: Expression expected.
src/components/HospitalInformationSystem.tsx(2930,33): error TS1136: Property assignment expected.
src/components/HospitalInformationSystem.tsx(2930,34): error TS1381: Unexpected token. Did you mean `{'}'}` or `&rbrace;`?
src/components/HospitalInformationSystem.tsx(2935,29): error TS1109: Expression expected.
src/components/HospitalInformationSystem.tsx(2938,24): error TS1381: Unexpected token. Did you mean `{'}'}` or `&rbrace;`?
src/components/HospitalInformationSystem.tsx(2960,23): error TS1109: Expression expected.
src/components/HospitalInformationSystem.tsx(2963,17): error TS1005: '}' expected.
src/components/HospitalInformationSystem.tsx(2963,18): error TS1381: Unexpected token. Did you mean `{'}'}` or `&rbrace;`?
src/components/HospitalInformationSystem.tsx(2965,13): error TS1128: Declaration or statement expected.
src/components/HospitalInformationSystem.tsx(2967,13): error TS2657: JSX expressions must have one parent element.
src/components/HospitalInformationSystem.tsx(2984,15): error TS1109: Expression expected.
src/components/HospitalInformationSystem.tsx(2999,23): error TS1109: Expression expected.
src/components/HospitalInformationSystem.tsx(3004,23): error TS1109: Expression expected.
src/components/HospitalInformationSystem.tsx(3020,19): error TS1005: '}' expected.
src/components/HospitalInformationSystem.tsx(3022,20): error TS1381: Unexpected token. Did you mean `{'}'}` or `&rbrace;`?
src/components/HospitalInformationSystem.tsx(3029,17): error TS1136: Property assignment expected.
src/components/HospitalInformationSystem.tsx(3029,18): error TS1109: Expression expected.
src/components/HospitalInformationSystem.tsx(3030,19): error TS2657: JSX expressions must have one parent element.
src/components/HospitalInformationSystem.tsx(3042,27): error TS1109: Expression expected.
src/components/HospitalInformationSystem.tsx(3047,27): error TS1109: Expression expected.
src/components/HospitalInformationSystem.tsx(3062,27): error TS1109: Expression expected.
src/components/HospitalInformationSystem.tsx(3077,23): error TS1109: Expression expected.
src/components/HospitalInformationSystem.tsx(3080,17): error TS1005: '}' expected.
src/components/HospitalInformationSystem.tsx(3080,19): error TS1003: Identifier expected.
src/components/HospitalInformationSystem.tsx(3081,15): error TS1128: Declaration or statement expected.
src/components/HospitalInformationSystem.tsx(3082,13): error TS1128: Declaration or statement expected.
src/components/HospitalInformationSystem.tsx(3084,13): error TS2657: JSX expressions must have one parent element.
src/components/HospitalInformationSystem.tsx(3093,11): error TS1128: Declaration or statement expected.
src/components/HospitalInformationSystem.tsx(3094,9): error TS1109: Expression expected.
src/components/HospitalInformationSystem.tsx(3097,9): error TS1136: Property assignment expected.
src/components/HospitalInformationSystem.tsx(3098,22): error TS1136: Property assignment expected.
src/components/HospitalInformationSystem.tsx(3099,9): error TS1109: Expression expected.
src/components/HospitalInformationSystem.tsx(3122,15): error TS1005: '}' expected.
src/components/HospitalInformationSystem.tsx(3137,46): error TS1005: '}' expected.
src/components/HospitalInformationSystem.tsx(3149,20): error TS1381: Unexpected token. Did you mean `{'}'}` or `&rbrace;`?
src/components/HospitalInformationSystem.tsx(3155,15): error TS1005: '}' expected.
src/components/HospitalInformationSystem.tsx(3155,16): error TS1381: Unexpected token. Did you mean `{'}'}` or `&rbrace;`?
src/components/HospitalInformationSystem.tsx(3158,15): error TS1005: '}' expected.
src/components/HospitalInformationSystem.tsx(3158,16): error TS1381: Unexpected token. Did you mean `{'}'}` or `&rbrace;`?
src/components/HospitalInformationSystem.tsx(3161,15): error TS1005: '}' expected.
src/components/HospitalInformationSystem.tsx(3161,16): error TS1381: Unexpected token. Did you mean `{'}'}` or `&rbrace;`?
src/components/HospitalInformationSystem.tsx(3164,15): error TS1005: '}' expected.
src/components/HospitalInformationSystem.tsx(3164,16): error TS1381: Unexpected token. Did you mean `{'}'}` or `&rbrace;`?
src/components/HospitalInformationSystem.tsx(3172,15): error TS1005: '}' expected.
src/components/HospitalInformationSystem.tsx(3172,16): error TS1381: Unexpected token. Did you mean `{'}'}` or `&rbrace;`?
src/components/HospitalInformationSystem.tsx(3181,15): error TS1005: '}' expected.
src/components/HospitalInformationSystem.tsx(3181,16): error TS1381: Unexpected token. Did you mean `{'}'}` or `&rbrace;`?
src/components/HospitalInformationSystem.tsx(3190,15): error TS1005: '}' expected.
src/components/HospitalInformationSystem.tsx(3190,16): error TS1381: Unexpected token. Did you mean `{'}'}` or `&rbrace;`?
src/components/HospitalInformationSystem.tsx(3193,15): error TS1005: '}' expected.
src/components/HospitalInformationSystem.tsx(3193,16): error TS1381: Unexpected token. Did you mean `{'}'}` or `&rbrace;`?
src/components/HospitalInformationSystem.tsx(3196,15): error TS1005: '}' expected.
src/components/HospitalInformationSystem.tsx(3196,16): error TS1381: Unexpected token. Did you mean `{'}'}` or `&rbrace;`?
src/components/HospitalInformationSystem.tsx(3199,15): error TS1005: '}' expected.
src/components/HospitalInformationSystem.tsx(3199,16): error TS1381: Unexpected token. Did you mean `{'}'}` or `&rbrace;`?
src/components/HospitalInformationSystem.tsx(3205,15): error TS1005: '}' expected.
src/components/HospitalInformationSystem.tsx(3205,16): error TS1381: Unexpected token. Did you mean `{'}'}` or `&rbrace;`?
src/components/HospitalInformationSystem.tsx(3208,15): error TS1005: '}' expected.
src/components/HospitalInformationSystem.tsx(3208,16): error TS1381: Unexpected token. Did you mean `{'}'}` or `&rbrace;`?
src/components/HospitalInformationSystem.tsx(3211,15): error TS1005: '}' expected.
src/components/HospitalInformationSystem.tsx(3211,16): error TS1381: Unexpected token. Did you mean `{'}'}` or `&rbrace;`?
src/components/HospitalInformationSystem.tsx(3214,15): error TS1005: '}' expected.
src/components/HospitalInformationSystem.tsx(3214,16): error TS1381: Unexpected token. Did you mean `{'}'}` or `&rbrace;`?
src/components/HospitalInformationSystem.tsx(3217,15): error TS1005: '}' expected.
src/components/HospitalInformationSystem.tsx(3217,16): error TS1381: Unexpected token. Did you mean `{'}'}` or `&rbrace;`?
src/components/HospitalInformationSystem.tsx(3220,15): error TS1005: '}' expected.
src/components/HospitalInformationSystem.tsx(3220,16): error TS1381: Unexpected token. Did you mean `{'}'}` or `&rbrace;`?
src/components/HospitalInformationSystem.tsx(3223,15): error TS1005: '}' expected.
src/components/HospitalInformationSystem.tsx(3223,16): error TS1381: Unexpected token. Did you mean `{'}'}` or `&rbrace;`?
src/components/HospitalInformationSystem.tsx(3226,15): error TS1005: '}' expected.
src/components/HospitalInformationSystem.tsx(3226,16): error TS1381: Unexpected token. Did you mean `{'}'}` or `&rbrace;`?
src/components/HospitalInformationSystem.tsx(3229,15): error TS1005: '}' expected.
src/components/HospitalInformationSystem.tsx(3229,16): error TS1381: Unexpected token. Did you mean `{'}'}` or `&rbrace;`?
src/components/HospitalInformationSystem.tsx(3232,15): error TS1005: '}' expected.
src/components/HospitalInformationSystem.tsx(3232,16): error TS1381: Unexpected token. Did you mean `{'}'}` or `&rbrace;`?
src/components/HospitalInformationSystem.tsx(3235,15): error TS1005: '}' expected.
src/components/HospitalInformationSystem.tsx(3235,16): error TS1381: Unexpected token. Did you mean `{'}'}` or `&rbrace;`?
src/components/HospitalInformationSystem.tsx(3238,15): error TS1005: '}' expected.
src/components/HospitalInformationSystem.tsx(3238,16): error TS1381: Unexpected token. Did you mean `{'}'}` or `&rbrace;`?
src/components/HospitalInformationSystem.tsx(3241,15): error TS1005: '}' expected.
src/components/HospitalInformationSystem.tsx(3241,16): error TS1381: Unexpected token. Did you mean `{'}'}` or `&rbrace;`?
src/components/HospitalInformationSystem.tsx(3244,15): error TS1005: '}' expected.
src/components/HospitalInformationSystem.tsx(3244,16): error TS1381: Unexpected token. Did you mean `{'}'}` or `&rbrace;`?
src/components/HospitalInformationSystem.tsx(3247,15): error TS1005: '}' expected.
src/components/HospitalInformationSystem.tsx(3247,16): error TS1381: Unexpected token. Did you mean `{'}'}` or `&rbrace;`?
src/components/HospitalInformationSystem.tsx(3250,15): error TS1005: '}' expected.
src/components/HospitalInformationSystem.tsx(3250,16): error TS1381: Unexpected token. Did you mean `{'}'}` or `&rbrace;`?
src/components/HospitalInformationSystem.tsx(3253,15): error TS1005: '}' expected.
src/components/HospitalInformationSystem.tsx(3253,16): error TS1381: Unexpected token. Did you mean `{'}'}` or `&rbrace;`?
src/components/HospitalInformationSystem.tsx(3261,15): error TS1005: '}' expected.
src/components/HospitalInformationSystem.tsx(3261,16): error TS1381: Unexpected token. Did you mean `{'}'}` or `&rbrace;`?
src/components/HospitalInformationSystem.tsx(3268,15): error TS1005: '}' expected.
src/components/HospitalInformationSystem.tsx(3268,16): error TS1381: Unexpected token. Did you mean `{'}'}` or `&rbrace;`?
src/components/HospitalInformationSystem.tsx(3275,15): error TS1005: '}' expected.
src/components/HospitalInformationSystem.tsx(3275,16): error TS1381: Unexpected token. Did you mean `{'}'}` or `&rbrace;`?
src/components/HospitalInformationSystem.tsx(3278,15): error TS1005: '}' expected.
src/components/HospitalInformationSystem.tsx(3278,16): error TS1381: Unexpected token. Did you mean `{'}'}` or `&rbrace;`?
src/components/HospitalInformationSystem.tsx(3285,15): error TS1005: '}' expected.
src/components/HospitalInformationSystem.tsx(3285,16): error TS1381: Unexpected token. Did you mean `{'}'}` or `&rbrace;`?
src/components/HospitalInformationSystem.tsx(3288,15): error TS1005: '}' expected.
src/components/HospitalInformationSystem.tsx(3288,16): error TS1381: Unexpected token. Did you mean `{'}'}` or `&rbrace;`?
src/components/HospitalInformationSystem.tsx(3291,15): error TS1005: '}' expected.
src/components/HospitalInformationSystem.tsx(3291,16): error TS1381: Unexpected token. Did you mean `{'}'}` or `&rbrace;`?
src/components/HospitalInformationSystem.tsx(3294,15): error TS1005: '}' expected.
src/components/HospitalInformationSystem.tsx(3294,16): error TS1381: Unexpected token. Did you mean `{'}'}` or `&rbrace;`?
src/components/HospitalInformationSystem.tsx(3297,15): error TS1005: '}' expected.
src/components/HospitalInformationSystem.tsx(3297,16): error TS1381: Unexpected token. Did you mean `{'}'}` or `&rbrace;`?
src/components/HospitalInformationSystem.tsx(3300,15): error TS1005: '}' expected.
src/components/HospitalInformationSystem.tsx(3300,16): error TS1381: Unexpected token. Did you mean `{'}'}` or `&rbrace;`?
src/components/HospitalInformationSystem.tsx(3303,15): error TS1005: '}' expected.
src/components/HospitalInformationSystem.tsx(3303,16): error TS1381: Unexpected token. Did you mean `{'}'}` or `&rbrace;`?
src/components/HospitalInformationSystem.tsx(3306,15): error TS1005: '}' expected.
src/components/HospitalInformationSystem.tsx(3306,16): error TS1381: Unexpected token. Did you mean `{'}'}` or `&rbrace;`?
src/components/HospitalInformationSystem.tsx(3309,17): error TS1136: Property assignment expected.
src/components/HospitalInformationSystem.tsx(3309,40): error TS1005: '}' expected.
src/components/HospitalInformationSystem.tsx(3309,61): error TS1382: Unexpected token. Did you mean `{'>'}` or `&gt;`?
src/components/HospitalInformationSystem.tsx(3310,16): error TS1381: Unexpected token. Did you mean `{'}'}` or `&rbrace;`?
src/components/HospitalInformationSystem.tsx(3313,15): error TS1005: '}' expected.
src/components/HospitalInformationSystem.tsx(3313,16): error TS1381: Unexpected token. Did you mean `{'}'}` or `&rbrace;`?
src/components/HospitalInformationSystem.tsx(3316,15): error TS1005: '}' expected.
src/components/HospitalInformationSystem.tsx(3316,16): error TS1381: Unexpected token. Did you mean `{'}'}` or `&rbrace;`?
src/components/HospitalInformationSystem.tsx(3319,15): error TS1005: '}' expected.
src/components/HospitalInformationSystem.tsx(3319,16): error TS1381: Unexpected token. Did you mean `{'}'}` or `&rbrace;`?
src/components/HospitalInformationSystem.tsx(3322,15): error TS1005: '}' expected.
src/components/HospitalInformationSystem.tsx(3322,16): error TS1381: Unexpected token. Did you mean `{'}'}` or `&rbrace;`?
src/components/HospitalInformationSystem.tsx(3325,15): error TS1005: '}' expected.
src/components/HospitalInformationSystem.tsx(3325,16): error TS1381: Unexpected token. Did you mean `{'}'}` or `&rbrace;`?
src/components/HospitalInformationSystem.tsx(3328,17): error TS1136: Property assignment expected.
src/components/HospitalInformationSystem.tsx(3328,40): error TS1005: '}' expected.
src/components/HospitalInformationSystem.tsx(3328,61): error TS1382: Unexpected token. Did you mean `{'>'}` or `&gt;`?
src/components/HospitalInformationSystem.tsx(3329,16): error TS1381: Unexpected token. Did you mean `{'}'}` or `&rbrace;`?
src/components/HospitalInformationSystem.tsx(3332,15): error TS1005: '}' expected.
src/components/HospitalInformationSystem.tsx(3332,16): error TS1381: Unexpected token. Did you mean `{'}'}` or `&rbrace;`?
src/components/HospitalInformationSystem.tsx(3335,15): error TS1005: '}' expected.
src/components/HospitalInformationSystem.tsx(3335,16): error TS1381: Unexpected token. Did you mean `{'}'}` or `&rbrace;`?
src/components/HospitalInformationSystem.tsx(3339,17): error TS1136: Property assignment expected.
src/components/HospitalInformationSystem.tsx(3339,42): error TS1005: '}' expected.
src/components/HospitalInformationSystem.tsx(3339,63): error TS1382: Unexpected token. Did you mean `{'>'}` or `&gt;`?
src/components/HospitalInformationSystem.tsx(3340,16): error TS1381: Unexpected token. Did you mean `{'}'}` or `&rbrace;`?
src/components/HospitalInformationSystem.tsx(3343,15): error TS1005: '}' expected.
src/components/HospitalInformationSystem.tsx(3343,16): error TS1381: Unexpected token. Did you mean `{'}'}` or `&rbrace;`?
src/components/HospitalInformationSystem.tsx(3346,15): error TS1005: '}' expected.
src/components/HospitalInformationSystem.tsx(3346,16): error TS1381: Unexpected token. Did you mean `{'}'}` or `&rbrace;`?
src/components/HospitalInformationSystem.tsx(3349,5): error TS1136: Property assignment expected.
src/components/HospitalInformationSystem.tsx(3351,15): error TS1005: '}' expected.
src/components/HospitalInformationSystem.tsx(3351,16): error TS1381: Unexpected token. Did you mean `{'}'}` or `&rbrace;`?
src/components/HospitalInformationSystem.tsx(3354,15): error TS1005: '}' expected.
src/components/HospitalInformationSystem.tsx(3354,16): error TS1381: Unexpected token. Did you mean `{'}'}` or `&rbrace;`?
src/components/HospitalInformationSystem.tsx(3357,15): error TS1005: '}' expected.
src/components/HospitalInformationSystem.tsx(3357,16): error TS1381: Unexpected token. Did you mean `{'}'}` or `&rbrace;`?
src/components/HospitalInformationSystem.tsx(3360,15): error TS1005: '}' expected.
src/components/HospitalInformationSystem.tsx(3360,16): error TS1381: Unexpected token. Did you mean `{'}'}` or `&rbrace;`?
src/components/HospitalInformationSystem.tsx(3363,15): error TS1005: '}' expected.
src/components/HospitalInformationSystem.tsx(3363,16): error TS1381: Unexpected token. Did you mean `{'}'}` or `&rbrace;`?
src/components/HospitalInformationSystem.tsx(3366,15): error TS1005: '}' expected.
src/components/HospitalInformationSystem.tsx(3366,16): error TS1381: Unexpected token. Did you mean `{'}'}` or `&rbrace;`?
src/components/HospitalInformationSystem.tsx(3373,15): error TS1005: '}' expected.
src/components/HospitalInformationSystem.tsx(3373,16): error TS1381: Unexpected token. Did you mean `{'}'}` or `&rbrace;`?
src/components/HospitalInformationSystem.tsx(3376,15): error TS1005: '}' expected.
src/components/HospitalInformationSystem.tsx(3376,16): error TS1381: Unexpected token. Did you mean `{'}'}` or `&rbrace;`?
src/components/HospitalInformationSystem.tsx(3382,15): error TS1005: '}' expected.
src/components/HospitalInformationSystem.tsx(3382,16): error TS1381: Unexpected token. Did you mean `{'}'}` or `&rbrace;`?
src/components/HospitalInformationSystem.tsx(3385,15): error TS1005: '}' expected.
src/components/HospitalInformationSystem.tsx(3385,16): error TS1381: Unexpected token. Did you mean `{'}'}` or `&rbrace;`?
src/components/HospitalInformationSystem.tsx(3402,15): error TS1005: '}' expected.
src/components/HospitalInformationSystem.tsx(3402,16): error TS1381: Unexpected token. Did you mean `{'}'}` or `&rbrace;`?
src/components/HospitalInformationSystem.tsx(3418,15): error TS1005: '}' expected.
src/components/HospitalInformationSystem.tsx(3418,16): error TS1381: Unexpected token. Did you mean `{'}'}` or `&rbrace;`?
src/components/HospitalInformationSystem.tsx(3434,15): error TS1005: '}' expected.
src/components/HospitalInformationSystem.tsx(3434,16): error TS1381: Unexpected token. Did you mean `{'}'}` or `&rbrace;`?
src/components/HospitalInformationSystem.tsx(3442,15): error TS1005: '}' expected.
src/components/HospitalInformationSystem.tsx(3442,16): error TS1381: Unexpected token. Did you mean `{'}'}` or `&rbrace;`?
src/components/HospitalInformationSystem.tsx(3445,15): error TS1005: '}' expected.
src/components/HospitalInformationSystem.tsx(3445,16): error TS1381: Unexpected token. Did you mean `{'}'}` or `&rbrace;`?
src/components/HospitalInformationSystem.tsx(3448,15): error TS1005: '}' expected.
src/components/HospitalInformationSystem.tsx(3448,16): error TS1381: Unexpected token. Did you mean `{'}'}` or `&rbrace;`?
src/components/HospitalInformationSystem.tsx(3451,15): error TS1005: '}' expected.
src/components/HospitalInformationSystem.tsx(3451,16): error TS1381: Unexpected token. Did you mean `{'}'}` or `&rbrace;`?
src/components/HospitalInformationSystem.tsx(3454,15): error TS1005: '}' expected.
src/components/HospitalInformationSystem.tsx(3454,16): error TS1381: Unexpected token. Did you mean `{'}'}` or `&rbrace;`?
src/components/HospitalInformationSystem.tsx(3461,23): error TS1109: Expression expected.
src/components/HospitalInformationSystem.tsx(3464,27): error TS1109: Expression expected.
src/components/HospitalInformationSystem.tsx(3474,19): error TS1005: '}' expected.
src/components/HospitalInformationSystem.tsx(3489,29): error TS1109: Expression expected.
src/components/HospitalInformationSystem.tsx(3489,78): error TS1382: Unexpected token. Did you mean `{'>'}` or `&gt;`?
src/components/HospitalInformationSystem.tsx(3496,35): error TS1109: Expression expected.
src/components/HospitalInformationSystem.tsx(3501,35): error TS1109: Expression expected.
src/components/HospitalInformationSystem.tsx(3505,33): error TS1109: Expression expected.
src/components/HospitalInformationSystem.tsx(3510,35): error TS1109: Expression expected.
src/components/HospitalInformationSystem.tsx(3525,27): error TS1381: Unexpected token. Did you mean `{'}'}` or `&rbrace;`?
src/components/HospitalInformationSystem.tsx(3525,29): error TS1381: Unexpected token. Did you mean `{'}'}` or `&rbrace;`?
src/components/HospitalInformationSystem.tsx(3529,20): error TS1381: Unexpected token. Did you mean `{'}'}` or `&rbrace;`?
src/components/HospitalInformationSystem.tsx(3531,15): error TS1005: '}' expected.
src/components/HospitalInformationSystem.tsx(3531,16): error TS1381: Unexpected token. Did you mean `{'}'}` or `&rbrace;`?
src/components/HospitalInformationSystem.tsx(3549,1): error TS1005: '}' expected.
src/components/HospitalInformationSystem.tsx(3549,2): error TS1381: Unexpected token. Did you mean `{'}'}` or `&rbrace;`?
src/components/HospitalInformationSystem.tsx(3563,27): error TS1109: Expression expected.
src/components/HospitalInformationSystem.tsx(3570,25): error TS1109: Expression expected.
src/components/HospitalInformationSystem.tsx(3575,25): error TS1109: Expression expected.
src/components/HospitalInformationSystem.tsx(3585,27): error TS1109: Expression expected.
src/components/HospitalInformationSystem.tsx(3590,23): error TS1109: Expression expected.
src/components/HospitalInformationSystem.tsx(3596,23): error TS1109: Expression expected.
src/components/HospitalInformationSystem.tsx(3599,23): error TS1109: Expression expected.
src/components/HospitalInformationSystem.tsx(3605,27): error TS1109: Expression expected.
src/components/HospitalInformationSystem.tsx(3610,23): error TS1109: Expression expected.
src/components/HospitalInformationSystem.tsx(3613,17): error TS1005: '}' expected.
src/components/HospitalInformationSystem.tsx(3616,5): error TS1005: '}' expected.
src/components/HospitalInformationSystem.tsx(3625,29): error TS1109: Expression expected.
src/components/HospitalInformationSystem.tsx(3632,27): error TS1109: Expression expected.
src/components/HospitalInformationSystem.tsx(3642,29): error TS1109: Expression expected.
src/components/HospitalInformationSystem.tsx(3657,29): error TS1109: Expression expected.
src/components/HospitalInformationSystem.tsx(3658,27): error TS1005: '}' expected.
src/components/HospitalInformationSystem.tsx(3658,29): error TS1381: Unexpected token. Did you mean `{'}'}` or `&rbrace;`?
src/components/HospitalInformationSystem.tsx(3665,29): error TS1109: Expression expected.
src/components/HospitalInformationSystem.tsx(3679,29): error TS1109: Expression expected.
src/components/HospitalInformationSystem.tsx(3680,27): error TS1005: '}' expected.
src/components/HospitalInformationSystem.tsx(3680,29): error TS1381: Unexpected token. Did you mean `{'}'}` or `&rbrace;`?
src/components/HospitalInformationSystem.tsx(3756,29): error TS1109: Expression expected.
src/components/HospitalInformationSystem.tsx(3761,19): error TS1005: '}' expected.
src/components/HospitalInformationSystem.tsx(3769,29): error TS1109: Expression expected.
src/components/HospitalInformationSystem.tsx(3776,27): error TS1109: Expression expected.
src/components/HospitalInformationSystem.tsx(3785,29): error TS1109: Expression expected.
src/components/HospitalInformationSystem.tsx(3794,31): error TS1109: Expression expected.
src/components/HospitalInformationSystem.tsx(3800,29): error TS1109: Expression expected.
src/components/HospitalInformationSystem.tsx(3801,27): error TS1005: '}' expected.
src/components/HospitalInformationSystem.tsx(3801,29): error TS1381: Unexpected token. Did you mean `{'}'}` or `&rbrace;`?
src/components/HospitalInformationSystem.tsx(3808,29): error TS1109: Expression expected.
src/components/HospitalInformationSystem.tsx(3883,29): error TS1109: Expression expected.
src/components/HospitalInformationSystem.tsx(3890,5): error TS1005: '}' expected.
src/components/HospitalInformationSystem.tsx(3895,27): error TS1109: Expression expected.
src/components/HospitalInformationSystem.tsx(3902,25): error TS1109: Expression expected.
src/components/HospitalInformationSystem.tsx(3906,17): error TS1005: '}' expected.
src/components/HospitalInformationSystem.tsx(3908,5): error TS1005: '}' expected.
src/components/HospitalInformationSystem.tsx(3915,29): error TS1109: Expression expected.
src/components/HospitalInformationSystem.tsx(3920,29): error TS1109: Expression expected.
src/components/HospitalInformationSystem.tsx(3938,23): error TS1136: Property assignment expected.
src/components/HospitalInformationSystem.tsx(3938,28): error TS1005: '}' expected.
src/components/HospitalInformationSystem.tsx(3938,133): error TS1382: Unexpected token. Did you mean `{'>'}` or `&gt;`?
src/components/HospitalInformationSystem.tsx(3942,25): error TS1109: Expression expected.
src/components/HospitalInformationSystem.tsx(3948,25): error TS1109: Expression expected.
src/components/HospitalInformationSystem.tsx(3949,32): error TS1382: Unexpected token. Did you mean `{'>'}` or `&gt;`?
src/components/HospitalInformationSystem.tsx(3953,34): error TS1382: Unexpected token. Did you mean `{'>'}` or `&gt;`?
src/components/HospitalInformationSystem.tsx(3971,39): error TS1109: Expression expected.
src/components/HospitalInformationSystem.tsx(3977,5): error TS1005: '}' expected.
src/components/HospitalInformationSystem.tsx(3978,31): error TS2657: JSX expressions must have one parent element.
src/components/HospitalInformationSystem.tsx(3981,33): error TS1109: Expression expected.
src/components/HospitalInformationSystem.tsx(3985,33): error TS1109: Expression expected.
src/components/HospitalInformationSystem.tsx(3990,35): error TS1109: Expression expected.
src/components/HospitalInformationSystem.tsx(3994,5): error TS1005: '}' expected.
src/components/HospitalInformationSystem.tsx(3999,39): error TS1109: Expression expected.
src/components/HospitalInformationSystem.tsx(4005,35): error TS1136: Property assignment expected.
src/components/HospitalInformationSystem.tsx(4010,39): error TS1109: Expression expected.
src/components/HospitalInformationSystem.tsx(4015,35): error TS1109: Expression expected.
src/components/HospitalInformationSystem.tsx(4018,29): error TS1005: '}' expected.
src/components/HospitalInformationSystem.tsx(4042,37): error TS1109: Expression expected.
src/components/HospitalInformationSystem.tsx(4049,39): error TS1109: Expression expected.
src/components/HospitalInformationSystem.tsx(4053,33): error TS1005: '}' expected.
src/components/HospitalInformationSystem.tsx(4053,35): error TS1381: Unexpected token. Did you mean `{'}'}` or `&rbrace;`?
src/components/HospitalInformationSystem.tsx(4055,29): error TS1005: '}' expected.
src/components/HospitalInformationSystem.tsx(4056,27): error TS1005: '}' expected.
src/components/HospitalInformationSystem.tsx(4058,23): error TS1381: Unexpected token. Did you mean `{'}'}` or `&rbrace;`?
src/components/HospitalInformationSystem.tsx(4058,25): error TS1381: Unexpected token. Did you mean `{'}'}` or `&rbrace;`?
src/components/HospitalInformationSystem.tsx(4060,22): error TS1381: Unexpected token. Did you mean `{'}'}` or `&rbrace;`?
src/components/HospitalInformationSystem.tsx(4062,17): error TS1005: '}' expected.
src/components/HospitalInformationSystem.tsx(4063,15): error TS1005: '}' expected.
src/components/HospitalInformationSystem.tsx(4064,13): error TS1005: ')' expected.
src/components/HospitalInformationSystem.tsx(4064,15): error TS17015: Expected corresponding closing tag for JSX fragment.
src/components/HospitalInformationSystem.tsx(4064,18): error TS1382: Unexpected token. Did you mean `{'>'}` or `&gt;`?
src/components/HospitalInformationSystem.tsx(4065,12): error TS1381: Unexpected token. Did you mean `{'}'}` or `&rbrace;`?
src/components/HospitalInformationSystem.tsx(4068,15): error TS1005: '}' expected.
src/components/HospitalInformationSystem.tsx(4068,16): error TS1381: Unexpected token. Did you mean `{'}'}` or `&rbrace;`?
src/components/HospitalInformationSystem.tsx(4069,17): error TS1003: Identifier expected.
src/components/HospitalInformationSystem.tsx(4069,19): error TS1381: Unexpected token. Did you mean `{'}'}` or `&rbrace;`?
src/components/HospitalInformationSystem.tsx(4070,15): error TS17002: Expected corresponding JSX closing tag for 'AnimatePresence'.
src/components/HospitalInformationSystem.tsx(4071,11): error TS1128: Declaration or statement expected.
src/components/HospitalInformationSystem.tsx(4072,9): error TS1109: Expression expected.
src/components/HospitalInformationSystem.tsx(4073,7): error TS1109: Expression expected.
src/components/HospitalInformationSystem.tsx(4076,7): error TS1136: Property assignment expected.
src/components/HospitalInformationSystem.tsx(4096,23): error TS1136: Property assignment expected.
src/components/HospitalInformationSystem.tsx(4102,21): error TS1109: Expression expected.
src/components/HospitalInformationSystem.tsx(4102,22): error TS1381: Unexpected token. Did you mean `{'}'}` or `&rbrace;`?
src/components/HospitalInformationSystem.tsx(4117,19): error TS1109: Expression expected.
src/components/HospitalInformationSystem.tsx(4124,21): error TS1109: Expression expected.
src/components/HospitalInformationSystem.tsx(4134,29): error TS1109: Expression expected.
src/components/HospitalInformationSystem.tsx(4137,29): error TS1109: Expression expected.
src/components/HospitalInformationSystem.tsx(4140,23): error TS1109: Expression expected.
src/components/HospitalInformationSystem.tsx(4140,24): error TS1381: Unexpected token. Did you mean `{'}'}` or `&rbrace;`?
src/components/HospitalInformationSystem.tsx(4143,17): error TS1005: '}' expected.
src/components/HospitalInformationSystem.tsx(4143,18): error TS1381: Unexpected token. Did you mean `{'}'}` or `&rbrace;`?
src/components/HospitalInformationSystem.tsx(4172,19): error TS1109: Expression expected.
src/components/HospitalInformationSystem.tsx(4178,19): error TS1109: Expression expected.
src/components/HospitalInformationSystem.tsx(4183,9): error TS1128: Declaration or statement expected.
src/components/HospitalInformationSystem.tsx(4184,7): error TS1128: Declaration or statement expected.
src/components/HospitalInformationSystem.tsx(4187,5): error TS1136: Property assignment expected.
src/components/HospitalInformationSystem.tsx(4196,15): error TS1109: Expression expected.
src/components/HospitalInformationSystem.tsx(4206,7): error TS1128: Declaration or statement expected.
src/components/HospitalInformationSystem.tsx(4219,7): error TS1128: Declaration or statement expected.
src/components/HospitalInformationSystem.tsx(4230,7): error TS1128: Declaration or statement expected.
src/components/HospitalInformationSystem.tsx(4232,5): error TS1128: Declaration or statement expected.
src/components/HospitalInformationSystem.tsx(4233,3): error TS1109: Expression expected.
src/components/HospitalInformationSystem.tsx(4235,1): error TS1005: '}' expected.
